
== 1. 安全基线 ==
  [PASS] security: 匿名访问后台设置 API 被登录墙拦截 
  [PASS] security: 跨 Origin POST 触发 CSRF 403 
  [PASS] security: 非法 JSON 返回 400 
  [PASS] security: 危险操作缺 confirm 被拒 
  [PASS] forms: 临时测试表单创建 
  [PASS] forms: 提交体超 1MB 返回 413 
  [PASS] forms: 非法 JSON 返回 400（原为 500） 
  [PASS] forms: fields 非对象返回 400 
  [PASS] forms: 正常提交 200 
  [PASS] forms: 超长字段/URL 入库前裁尖（100KB/2KB） 
  [PASS] forms: 同 IP 60s 内超 10 次提交返回 429 
  [PASS] forms: 临时表单及条目清理 
  [PASS] security: 同 IP 连续 10 次失败后登录锁定（即使密码正确） 
  [PASS] security: 锁定按 IP 隔离，其他 IP 不被连坐 
  [PASS] security: 媒体端点路径穿越向量全部 404 且不泄库 

== 2. file-manager 文件管理器（13 个端点全功能） ==
  [PASS] file-manager: list 列出仓库根目录 
  [PASS] file-manager: mkdir 父目录不存在时 400 
  [PASS] file-manager: mkdir 创建沙箱目录 
  [PASS] file-manager: mkdir 同名目录 409 
  [PASS] file-manager: mkdir 多级（逐级）创建 
  [PASS] file-manager: mkdir 路径穿越被拒 
  [PASS] file-manager: mkdir 绝对/盘符路径被拒 
  [PASS] file-manager: write 新建文件 
  [PASS] file-manager: write 缺 confirm 403 
  [PASS] file-manager: write 覆盖编辑既有文件 
  [PASS] file-manager: read 读取文本内容 
  [PASS] file-manager: read 路径穿越被拒 
  [PASS] file-manager: write 非文本类型 415/400 
  [PASS] file-manager: rename 重命名 
  [PASS] file-manager: rename 非法目标名被拒 
  [PASS] file-manager: copy 复制文件到子目录 
  [PASS] file-manager: copy 同名自动加后缀 
  [PASS] file-manager: move 移动文件 
  [PASS] file-manager: move 目录移入自身子孙（防环）单项失败 
  [PASS] file-manager: dirs 目录树（字符串数组） 
  [PASS] file-manager: download 下载文件 
  [PASS] file-manager: download 目录被拒 
  [PASS] file-manager: upload 上传文件 
  [PASS] file-manager: upload 同名自动重命名 
  [PASS] file-manager: zip 打包目录 
  [PASS] file-manager: unzip 解压到同名目录 
  [PASS] file-manager: unzip zip-slip 恶意包被拒 
  [PASS] file-manager: zip-slip 文件未逃逸到仓库根 
  [PASS] file-manager: 写入受保护目录 node_modules 被拒 
  [PASS] file-manager: delete 缺 confirm 403 
  [PASS] file-manager: delete 递归删除沙箱 
  [PASS] file-manager: 删除后目录不存在 404 

== 3. db-console 数据库控制台 ==
  [PASS] db-console: tables 列出表 
  [PASS] db-console: structure 表结构 
  [PASS] db-console: structure 非法表名 400 
  [PASS] db-console: browse 分页浏览数据 
  [PASS] db-console: exec SELECT 查询 
  [PASS] db-console: exec 写操作缺 confirmWrite 403 
  [PASS] db-console: exec ATTACH 危险语句 400 
  [PASS] db-console: exec 多语句 400 
  [PASS] db-console: exec 确认写入（建测试数据） 
  [PASS] db-console: update 行内编辑单元格 
  [PASS] db-console: update 缺 confirm 403 
  [PASS] db-console: update 值已落库 
  [PASS] db-console: export CSV 导出（含 BOM） 
  [PASS] db-console: export SQL 导出建表语句 
  [PASS] db-console: export 非法表名 400 

== 4. backup 备份/恢复 ==
  [PASS] backup: list 备份列表 
  [PASS] backup: create 创建备份（数据库） 
  [PASS] backup: download 下载 .apzip 
  [PASS] backup: download 路径穿越 400 
  [PASS] backup: restore 非 multipart 400 
  [PASS] backup: restore 指定不存在备份 404 
  [PASS] backup: delete 删除备份 

== 5. config-io 配置导入导出 ==
  [PASS] config-io: export 指定 section 
  [PASS] config-io: export 非法 section 400 
  [PASS] config-io: export 全量导出 
  [PASS] config-io: 导出内容已剥离 AUTH_SECRET 密钥 
  [PASS] config-io: import 回导自身导出（幂等） 
  [PASS] config-io: import 非法 JSON 400 

== 6. comments 评论（前台提交+后台审核全链路） ==
  [PASS] comments: 设置枚举/范围清洗（order→asc, perPage≤100） 
  [PASS] comments: 匿名 JSON 提交评论 201 
  [PASS] comments: 蜜罐命中静默 202 
  [PASS] comments: 匿名 form-urlencoded 提交 201 
  [PASS] comments: 同 IP 第3条放行、第4条 429（30秒/3条） 
  [PASS] comments: 评论不存在文章 400 
  [PASS] comments: 非法 website 协议 400 
  [PASS] comments: 超大请求体 413（64KB 上限） 
  [PASS] comments: list 待审列表含新评论 
  [PASS] comments: action 审核通过 
  [PASS] comments: reply 回复评论 
  [PASS] comments: reply 空内容 400 
  [PASS] comments: action 未知动作 400 
  [PASS] comments: action 空 ids 400 
  [PASS] comments: 测试评论已清理 

== 7. redirect 301/302 重定向 ==
  [PASS] redirect: list 规则列表 
  [PASS] redirect: 成环规则创建被拒 400 
  [PASS] redirect: 重复 from 400 
  [PASS] redirect: 保留前缀 400 
  [PASS] redirect: 创建合法 302 规则 
  [PASS] redirect: 匿名访问命中 302 跳转 
  [PASS] redirect: delete 规则 /f-rd-a-141d6a85 
  [PASS] redirect: delete 规则 /f-rd-ok-141d6a85 
  [PASS] redirect: delete 缺 id 400 

== 8. link-directory 网站目录 ==
  [PASS] link-directory: cats 创建分类 
  [PASS] link-directory: cats 空名称 400 
  [PASS] link-directory: links 非法 URL 400 
  [PASS] link-directory: links 创建待审链接 
  [PASS] link-directory: click 待审链接不跳转 404 
  [PASS] link-directory: links 审核通过 
  [PASS] link-directory: click 已审链接 302 跳转 
  [PASS] link-directory: click 非法 id 404 
  [PASS] link-directory: 公开目录页 /directory 200 
  [PASS] link-directory: links 删除链接 
  [PASS] link-directory: cats 删除空分类 
  [PASS] link-directory: settings 保存往返 

== 9. ads-manager 广告 ==
  [PASS] ads-manager: slots 新增广告位 
  [PASS] ads-manager: slots 非法 key 400 
  [PASS] ads-manager: slots 重复 key 400 
  [PASS] ads-manager: track 空事件 400 
  [PASS] ads-manager: track 超大请求体 413（32KB 上限） 
  [PASS] ads-manager: track 批量事件（非法项静默跳过）200 
  [PASS] ads-manager: track CORS 预检 204（生产带 ACAO:* / dev 为 Vite 占位） 
  [PASS] ads-manager: loader.js 匿名可访问（JS 内容） 

== 10. 设置型插件校验/消毒往返 ==
  [PASS] footer: customHtml 原样存储（消毒在输出端） 
  [PASS] donation: javascript: URL 被清空 
  [PASS] donation: 前台输出层过滤 DB 直改的 javascript: 且保留合法爱发电链接 
  [PASS] customer-service: 非法颜色/位置回退默认 
  [PASS] related-posts: 数值夹取 0..12 
  [PASS] search: perPage/minChars 夹取 
  [PASS] search: 公开搜索页 200 且含搜索表单 
  [PASS] seo-tools: feedCount 下限夹取 1 + 字段合并保留标题 
  [PASS] html-opt: preconnect 净化：去 javascript:/去重/保留合法 
  [PASS] image-lazy: skipFirst 夹取 ≤20 
  [PASS] security-headers: CSP 剥离 CRLF 防头注入 
  [PASS] page-cache: ttl/maxEntries 夹取 

== 11. 前台中间件行为（base 主题） ==
  [PASS] page-cache: 首访 MISS → 二访 HIT 
  [PASS] page-cache: HIT 带 Age + Cache-Control:no-cache 
  [PASS] image-lazy: 正文图片补 loading/decoding 
  [PASS] html-opt: MISS 响应头 X-HTML-Opt: on（HIT 由缓存重建响应，按设计不带此头） 
  [PASS] html-opt: head 注入 preconnect 资源提示 
  [PASS] footer: 前台输出白名单消毒（script/onerror/svg onload/javascript: 全剥，留安全标签与外链） 
  [PASS] security-headers: nosniff/X-Frame-Options/Referrer-Policy/HSTS/CSP 
  [PASS] related-posts: 相关文章区块注入 
  [PASS] related-posts: track 追踪像素恒 200 GIF 
  [PASS] related-posts: track 非法 id 仍 200（不报错） 
  [PASS] share: enabled 缺省按 false 处理（特例语义） 
  [PASS] share: 禁用后文章页不注入分享条 

== 12. sitemap / rss / robots ==
  [PASS] sitemap: sitemap.xml 匿名 200 XML 含文章 
  [PASS] sitemap: 禁用后 sitemap 404 
  [PASS] sitemap: 重新启用后恢复 200 
  [PASS] seo-tools: rss.xml 200 且为 RSS 2.0 
  [PASS] seo-tools: 关闭 feed 后 rss 404 
  [PASS] seo-tools: robots.txt 200 含 Disallow 

== 13. webhook-publisher REST 发布 ==
  [PASS] webhook: keys 创建密钥（明文仅返回一次） 
  [PASS] webhook: keys 空名称 400 
  [PASS] webhook: keys 列表不回显密钥/hash 
  [PASS] webhook: status 无 key 401 
  [PASS] webhook: status 带 key 200 + 权限 
  [PASS] webhook: publish 新建草稿 
  [PASS] webhook: publish 同 slug 幂等更新 
  [PASS] webhook: publish title/content 皆空 400 
  [PASS] webhook: publish 无效 key 403 
  [PASS] webhook: delete 无权限 403 
  [PASS] webhook: delete 有权限删除文章 
  [PASS] webhook: delete 再删 404 
  [PASS] webhook: logs 审计日志可读 
  [PASS] webhook: keys 删除不存在 id 返回 200 ok:false（契约特例） 
  [PASS] webhook: 测试密钥已清理 

== 14. webdav WebDAV 协议 ==
  [PASS] webdav: token 生成（明文一次） 
  [PASS] webdav: token GET 仅返回 hasToken 不回显 
  [PASS] webdav: token 重置缺 confirm 400 
  [PASS] webdav: 匿名 PROPFIND 401 
  [PASS] webdav: 401 带 WWW-Authenticate: Basic 
  [PASS] webdav: PROPFIND 根目录 207 multistatus 
  [PASS] webdav: MKCOL 新建目录 201 
  [PASS] webdav: MKCOL 已存在 405 
  [PASS] webdav: PUT 新文件 201 
  [PASS] webdav: PUT 覆盖 204 
  [PASS] webdav: GET 内容一致 
  [PASS] webdav: GET 目录 403 
  [PASS] webdav: 路径穿越 403/404 
  [PASS] webdav: stats 存储统计 files≥1 
  [PASS] webdav: DELETE 递归清理目录 204 
  [PASS] webdav: OPTIONS DAV 能力头（生产 200+DAV / dev 204 Vite 占位） 

== 15. permalink 裸链接重写 ==
  [PASS] permalink: 后台设置保存 200 
  [PASS] permalink: 单段旧链接 /pv-tips 重写到文章页 200 

== 16. 编辑器套件（scripts/上传/magic-byte） ==
  [PASS] editor-scripts: /api/ap-wp-editor/wp-editor.js 登录态 200 
  [PASS] editor-scripts: /api/ap-wp-editor/wp-editor.js 匿名拿不到 JS（被登录墙拦截） 
  [PASS] editor-scripts: /api/ap-etools/tools.js 登录态 200 
  [PASS] editor-scripts: /api/ap-etools/tools.js 匿名拿不到 JS（被登录墙拦截） 
  [PASS] editor-scripts: /api/ap-media/editor-upload.js 登录态 200 
  [PASS] editor-scripts: /api/ap-media/editor-upload.js 匿名拿不到 JS（被登录墙拦截） 
  [PASS] editor-scripts: /api/ap-media-av/media-av.js 登录态 200 
  [PASS] editor-scripts: /api/ap-media-av/media-av.js 匿名拿不到 JS（被登录墙拦截） 
  [PASS] editor-scripts: /api/ap-mirror/image-mirror.js 登录态 200 
  [PASS] editor-scripts: /api/ap-mirror/image-mirror.js 匿名拿不到 JS（被登录墙拦截） 
  [PASS] editor-scripts: /api/ap-autofill/script.js 登录态 200 
  [PASS] editor-scripts: /api/ap-autofill/script.js 匿名拿不到 JS（被登录墙拦截） 
  [PASS] editor-scripts: /api/ap-i18n/script.js 登录态 200 
  [PASS] editor-scripts: /api/ap-i18n/script.js 匿名拿不到 JS（被登录墙拦截） 
  [PASS] editor-upload: 真实 1x1 PNG 上传 201 
  [PASS] editor-upload: meta 更新附件元数据 
  [PASS] editor-upload: 改扩展名伪图 magic-byte 拦截 415 
  [PASS] media-av: 伪音频 magic-byte 拦截 415 
  [PASS] media-av: 扩展名白名单 415 

== 17. AI 套件（未配置时的确定性负例） ==
  [PASS] ai-autofill: write 空 topic 400 
  [PASS] ai-autofill: generate 全空 400 
  [PASS] editor-tools: translate 非法 target 400 
  [PASS] ai-chat: status 提供商列表 
  [PASS] ai-chat: login 未知 action 400 
  [PASS] ai-chat: send 空 prompt 400 
  [PASS] admin-i18n: 非法 target 语言码 400 
  [PASS] admin-i18n: test 未配置 webhook 时优雅返回 configured:false 

== 18. git-sync / gist-sync（无凭证负例与历史） ==
  [PASS] gist-sync: settings GET（token 掩码，hasToken 嵌在 settings） 
  [PASS] gist-sync: push 无 token 400 
  [PASS] gist-sync: push 缺 confirm 403 
  [PASS] gist-sync: history 可读 
  [PASS] git-sync: settings GET 
  [PASS] git-sync: settings 缺 confirm 403 
  [PASS] git-sync: 非法 preset 400 
  [PASS] git-sync: scopes 全 false 400 
  [PASS] git-sync: history 可读（{ok,history}） 

== 19. static-html 静态生成 ==
  [PASS] static-html: settings 保存（小规模参数） 
  [PASS] static-html: generate 缺 confirm 400 
  [PASS] static-html: generate 触发生成 
  [PASS] static-html: 生成完成且 static-html/index.html 已产出 

== 20. db-optimize 数据库维护 ==
  [PASS] db-optimize: stats 库统计 
  [PASS] db-optimize: run 非法 action 400 
  [PASS] db-optimize: run 缺 confirm 400 
  [PASS] db-optimize: ANALYZE 执行 
  [PASS] db-optimize: 清理修订版本 

== 21. error-monitor 404 监控 ==
  [PASS] error-monitor: 匿名 404 被记录 
  [PASS] error-monitor: delete 缺 path 400 
  [PASS] error-monitor: delete 缺 confirm 400 
  [PASS] error-monitor: delete 删除单条记录 
  [PASS] error-monitor: 删除后列表不再含该路径 

== 22. multilingual 多语言 ==
  [PASS] multilingual: 公开 config 匿名可读 
  [PASS] multilingual: switcher.js 匿名 200 
  [PASS] multilingual: panel.js 匿名 200 
  [PASS] multilingual: 非法语言码 400 
  [PASS] multilingual: 启用中英双语 
  [PASS] multilingual: config 反映两种语言 
  [PASS] multilingual: strings 非字符串值 400 
  [PASS] multilingual: strings 保存译文 
  [PASS] multilingual: strings 读取译文 
  [PASS] multilingual: 文章自链 400 

== 23. plugin-manager 启停/配置清除 ==
  [PASS] plugin-manager: state 列出全部 40 插件 
  [PASS] plugin-manager: 非法 slug 400 
  [PASS] plugin-manager: 系统插件禁禁用 400 
  [PASS] plugin-manager: 禁用 html-opt 
  [PASS] plugin-manager: 被禁插件路由立即 404（guard pre） 
  [PASS] plugin-manager: 禁用后首个前台 MISS 即无 X-HTML-Opt 头（共享缓存即时失效） 
  [PASS] plugin-manager: 禁用后前台 MISS 无 X-HTML-Opt 头（≤32s 生效） 
  [PASS] plugin-manager: 重新启用 html-opt 
  [PASS] plugin-manager: 重新启用后路由恢复 
  [PASS] plugin-manager: 启用后首个前台 MISS 即恢复 X-HTML-Opt 头（共享缓存即时失效） 
  [PASS] plugin-manager: 重新启用后前台 MISS 恢复 X-HTML-Opt 头（≤32s） 
  [PASS] plugin-manager: purge 未知插件 404 
  [PASS] plugin-manager: purge 系统插件 400 
  [PASS] plugin-manager: purge 清除 share 配置 

== 24. 33 个后台管理页可访问性 ==
  [PASS] admin-pages: 全部 33 个后台页 200 且渲染 HTML 

== 恢复所有设置快照 ==
  restored error-monitor
  restored static-html
  restored admin-i18n
  restored seo-tools
  restored share
  restored page-cache
  restored security-headers
  restored image-lazy
  restored html-opt
  restored seo-tools
  restored search
  restored related-posts
  restored customer-service
  restored donation
  restored footer
  restored ads
  restored link-directory
  restored comments

============================================================
TOTAL 257  PASS 257  FAIL 0
  admin-i18n           2/2
  admin-pages          1/1
  ads-manager          8/8
  ai-autofill          2/2
  ai-chat              3/3
  backup               7/7
  comments             15/15
  config-io            6/6
  customer-service     1/1
  db-console           15/15
  db-optimize          5/5
  donation             2/2
  editor-scripts       14/14
  editor-tools         1/1
  editor-upload        3/3
  error-monitor        5/5
  file-manager         32/32
  footer               2/2
  forms                8/8
  gist-sync            4/4
  git-sync             5/5
  html-opt             3/3
  image-lazy           2/2
  link-directory       12/12
  media-av             2/2
  multilingual         10/10
  page-cache           3/3
  permalink            2/2
  plugin-manager       14/14
  redirect             9/9
  related-posts        4/4
  search               2/2
  security             7/7
  security-headers     2/2
  seo-tools            4/4
  share                2/2
  sitemap              3/3
  static-html          4/4
  webdav               16/16
  webhook              15/15
