active before: base-theme Base Theme
reimport stack 200
reimport ayer 200
reimport butterfly 200
reimport fluid 200
reimport icarus 200
reimport keep 200
reimport mengd 200
reimport next 200
reimport redefine 200
reimport volantis 200
stack      home=200 post=200 search=200 404=404 css=Y markers=7/7 sec=3/3 PASS
ayer       home=200 post=200 search=200 404=404 css=Y markers=7/7 sec=3/3 PASS
butterfly  home=200 post=200 search=200 404=404 css=Y markers=7/7 sec=3/3 PASS
fluid      home=200 post=200 search=200 404=404 css=Y markers=7/7 sec=3/3 PASS
icarus     home=200 post=200 search=200 404=404 css=Y markers=7/7 sec=3/3 PASS
keep       home=200 post=200 search=200 404=404 css=Y markers=7/7 sec=3/3 PASS
mengd      home=200 post=200 search=200 404=404 css=Y markers=7/7 sec=3/3 PASS
next       home=200 post=200 search=200 404=404 css=Y markers=7/7 sec=3/3 PASS
redefine   home=200 post=200 search=200 404=404 css=Y markers=7/7 sec=3/3 PASS
volantis   home=200 post=200 search=200 404=404 css=Y markers=7/7 sec=3/3 PASS
restored active theme: base-theme Base Theme

RESULT: 10/10 themes pass; fails=[]
